../Core/Src/MPU9250.c:101:13:MPU9250_OnActivate	4	static
../Core/Src/MPU9250.c:105:20:MPU9250_Activate	8	static
../Core/Src/MPU9250.c:111:20:MPU9250_Deactivate	8	static
../Core/Src/MPU9250.c:116:9:SPIx_WriteRead	32	static
../Core/Src/MPU9250.c:129:6:MPU_SPI_Write	16	static
../Core/Src/MPU9250.c:142:6:MPU_SPI_Read	24	static
../Core/Src/MPU9250.c:152:6:writeRegister	16	static
../Core/Src/MPU9250.c:159:6:readRegisters	16	static
../Core/Src/MPU9250.c:164:6:writeAK8963Register	16	static
../Core/Src/MPU9250.c:180:6:readAK8963Registers	16	static
../Core/Src/MPU9250.c:199:16:whoAmI	8	static
../Core/Src/MPU9250.c:208:12:whoAmIAK8963	8	static
../Core/Src/MPU9250.c:216:9:MPU9250_Init	24	static
../Core/Src/MPU9250.c:312:6:MPU9250_SetAccelRange	16	static
../Core/Src/MPU9250.c:318:6:MPU9250_SetGyroRange	16	static
../Core/Src/MPU9250.c:324:6:MPU9250_SetDLPFBandwidth	16	static
../Core/Src/MPU9250.c:331:6:MPU9250_SetSampleRateDivider	16	static
../Core/Src/MPU9250.c:374:6:MPU9250_GetData	32	static
