../Core/Inc/BarometrInterface.h:5:18:virtual void BarometrInterface::init()	16	static
../Core/Inc/BarometrInterface.h:7:18:virtual void BarometrInterface::calibrate()	16	static
../Core/Inc/BarometrInterface.h:9:17:virtual int BarometrInterface::get_pressure()	16	static
../Core/Inc/BarometrInterface.h:11:17:virtual int BarometrInterface::get_altitude()	16	static
../Core/Inc/BarometrInterface.h:13:17:virtual int BarometrInterface::get_temperature()	16	static
../Core/Inc/BarometrInterface.h:4:7:constexpr BarometrInterface::BarometrInterface()	16	static
../Core/Src/BARO_ms5611.cpp:3:1:Barometr::Barometr()	16	static
../Core/Src/BARO_ms5611.cpp:7:6:virtual void Barometr::init()	16	static
../Core/Src/BARO_ms5611.cpp:11:6:virtual void Barometr::calibrate()	16	static
../Core/Src/BARO_ms5611.cpp:15:5:virtual int Barometr::get_pressure()	16	static
../Core/Src/BARO_ms5611.cpp:19:5:virtual int Barometr::get_altitude()	16	static
../Core/Src/BARO_ms5611.cpp:23:5:virtual int Barometr::get_temperature()	16	static
