../Core/Inc/IMUBase.h:7:18:virtual void IMUBase::init()	16	static
../Core/Inc/IMUBase.h:9:18:virtual void IMUBase::calibrate_accel()	16	static
../Core/Inc/IMUBase.h:10:18:virtual void IMUBase::calibrate_hyro()	16	static
../Core/Inc/IMUBase.h:11:18:virtual void IMUBase::calibrate_mag()	16	static
../Core/Inc/IMUBase.h:13:22:virtual Vector3i IMUBase::get_accel_data()	16	static
../Core/Inc/IMUBase.h:14:22:virtual Vector3i IMUBase::get_gyro_data()	16	static
../Core/Inc/IMUBase.h:15:22:virtual Vector3i IMUBase::get_mag_data()	16	static
../Core/Inc/IMUBase.h:6:8:constexpr IMUBase::IMUBase()	16	static
../Core/Src/IMU_mpu9250.cpp:3:1:IMU::IMU()	16	static
../Core/Src/IMU_mpu9250.cpp:7:6:void IMU::data_update()	16	static
../Core/Src/IMU_mpu9250.cpp:11:6:void IMU::init(SPI_HandleTypeDef*)	16	static
../Core/Src/IMU_mpu9250.cpp:16:6:virtual void IMU::calibrate_accel()	16	static
../Core/Src/IMU_mpu9250.cpp:20:6:virtual void IMU::calibrate_hyro()	16	static
../Core/Src/IMU_mpu9250.cpp:24:6:virtual void IMU::calibrate_mag()	16	static
../Core/Src/IMU_mpu9250.cpp:28:10:virtual Vector3i IMU::get_accel_data()	16	static
../Core/Src/IMU_mpu9250.cpp:33:10:virtual Vector3i IMU::get_gyro_data()	16	static
../Core/Src/IMU_mpu9250.cpp:38:10:virtual Vector3i IMU::get_mag_data()	16	static
../Core/Inc/Vector3.h:6:5:Vector3<T>::Vector3() [with T = int]	32	static
../Core/Inc/Vector3.h:10:5:Vector3<T>::Vector3(T, T, T) [with T = int]	40	static
