c:\st\stm32cubeide_1.10.1\stm32cubeide\plugins\com.st.stm32cube.ide.mcu.externaltools.gnu-tools-for-stm32.10.3-2021.10.win32_1.0.100.202210260954\tools\bin\../lib/gcc/arm-none-eabi/10.3.1/../../../../arm-none-eabi/include/c++/10.3.1/arm-none-eabi/thumb/v7e-m+fp/hard/bits/gthr-default.h:229:1:int __gthread_key_delete(__gthread_key_t)	16	static
../Core/Src/main.cpp:77:5:int main()	488	static
../Core/Src/main.cpp:139:6:void SystemClock_Config()	88	static
../Core/Src/main.cpp:185:13:void MX_I2C1_Init()	8	static
../Core/Src/main.cpp:219:13:void MX_SPI1_Init()	8	static
../Core/Src/main.cpp:257:13:void MX_USART1_UART_Init()	8	static
../Core/Src/main.cpp:290:13:void MX_GPIO_Init()	48	static
../Core/Src/main.cpp:323:6:void Error_Handler()	4	static,ignoring_inline_asm
../Core/Inc/Vector3.h:14:8:T& Vector3<T>::operator[](T) [with T = int]	16	static
../Core/Src/main.cpp:332:1:void __static_initialization_and_destruction_0(int, int)	16	static
../Core/Src/main.cpp:332:1:cpp)	8	static
../Core/Src/main.cpp:332:1:cpp)	8	static
