../Core/Src/MPU9250.cpp:101:13:void MPU9250_OnActivate()	4	static
../Core/Src/MPU9250.cpp:105:20:void MPU9250_Activate()	8	static
../Core/Src/MPU9250.cpp:111:20:void MPU9250_Deactivate()	8	static
../Core/Src/MPU9250.cpp:116:9:uint8_t SPIx_WriteRead(uint8_t)	32	static
../Core/Src/MPU9250.cpp:129:6:void MPU_SPI_Write(uint8_t*, uint8_t, uint16_t)	16	static
../Core/Src/MPU9250.cpp:142:6:void MPU_SPI_Read(uint8_t*, uint8_t, uint16_t)	24	static
../Core/Src/MPU9250.cpp:152:6:void writeRegister(uint8_t, uint8_t)	16	static
../Core/Src/MPU9250.cpp:159:6:void readRegisters(uint8_t, uint8_t, uint8_t*)	16	static
../Core/Src/MPU9250.cpp:164:6:void writeAK8963Register(uint8_t, uint8_t)	16	static
../Core/Src/MPU9250.cpp:180:6:void readAK8963Registers(uint8_t, uint8_t, uint8_t*)	16	static
../Core/Src/MPU9250.cpp:199:16:uint8_t whoAmI()	8	static
../Core/Src/MPU9250.cpp:208:12:int whoAmIAK8963()	8	static
../Core/Src/MPU9250.cpp:216:9:uint8_t MPU9250_Init(SPI_HandleTypeDef*)	24	static
../Core/Src/MPU9250.cpp:312:6:void MPU9250_SetAccelRange(AccelRange)	16	static
../Core/Src/MPU9250.cpp:318:6:void MPU9250_SetGyroRange(GyroRange)	16	static
../Core/Src/MPU9250.cpp:324:6:void MPU9250_SetDLPFBandwidth(DLPFBandwidth)	16	static
../Core/Src/MPU9250.cpp:331:6:void MPU9250_SetSampleRateDivider(SampleRateDivider)	16	static
../Core/Src/MPU9250.cpp:374:6:void MPU9250_GetData(int16_t*, int16_t*, int16_t*)	32	static
